Warning! The implementation of 'quoridor' has known issues. Please see the games list on github or the code for details.
Warning! The implementation of 'quoridor' has known issues. Please see the games list on github or the code for details.
Warning! The implementation of 'quoridor' has known issues. Please see the games list on github or the code for details.
Warning! The implementation of 'quoridor' has known issues. Please see the games list on github or the code for details.
Warning! The implementation of 'quoridor' has known issues. Please see the games list on github or the code for details.
Warning! The implementation of 'quoridor' has known issues. Please see the games list on github or the code for details.
Warning! The implementation of 'quoridor' has known issues. Please see the games list on github or the code for details.
Warning! The implementation of 'quoridor' has known issues. Please see the games list on github or the code for details.
Warning! The implementation of 'quoridor' has known issues. Please see the games list on github or the code for details.
Warning! The implementation of 'quoridor' has known issues. Please see the games list on github or the code for details.
Warning! The implementation of 'quoridor' has known issues. Please see the games list on github or the code for details.
Warning! The implementation of 'quoridor' has known issues. Please see the games list on github or the code for details.
Warning! The implementation of 'quoridor' has known issues. Please see the games list on github or the code for details.
Warning! The implementation of 'quoridor' has known issues. Please see the games list on github or the code for details.
Warning! The implementation of 'quoridor' has known issues. Please see the games list on github or the code for details.
Warning! The implementation of 'quoridor' has known issues. Please see the games list on github or the code for details.
Warning! The implementation of 'quoridor' has known issues. Please see the games list on github or the code for details.
Warning! The implementation of 'quoridor' has known issues. Please see the games list on github or the code for details.
Warning! The implementation of 'quoridor' has known issues. Please see the games list on github or the code for details.
Warning! The implementation of 'quoridor' has known issues. Please see the games list on github or the code for details.
Warning! The implementation of 'quoridor' has known issues. Please see the games list on github or the code for details.
Warning! The implementation of 'quoridor' has known issues. Please see the games list on github or the code for details.
Warning! The implementation of 'quoridor' has known issues. Please see the games list on github or the code for details.
Warning! The implementation of 'quoridor' has known issues. Please see the games list on github or the code for details.
Warning! The implementation of 'quoridor' has known issues. Please see the games list on github or the code for details.
Warning! The implementation of 'quoridor' has known issues. Please see the games list on github or the code for details.
Warning! The implementation of 'quoridor' has known issues. Please see the games list on github or the code for details.
Warning! The implementation of 'quoridor' has known issues. Please see the games list on github or the code for details.
Warning! The implementation of 'quoridor' has known issues. Please see the games list on github or the code for details.
Warning! The implementation of 'quoridor' has known issues. Please see the games list on github or the code for details.
Warning! The implementation of 'quoridor' has known issues. Please see the games list on github or the code for details.
Warning! The implementation of 'quoridor' has known issues. Please see the games list on github or the code for details.
Warning! The implementation of 'quoridor' has known issues. Please see the games list on github or the code for details.
Warning! The implementation of 'quoridor' has known issues. Please see the games list on github or the code for details.
Warning! The implementation of 'quoridor' has known issues. Please see the games list on github or the code for details.
Warning! The implementation of 'quoridor' has known issues. Please see the games list on github or the code for details.
Warning! The implementation of 'quoridor' has known issues. Please see the games list on github or the code for details.
Warning! The implementation of 'quoridor' has known issues. Please see the games list on github or the code for details.
Warning! The implementation of 'quoridor' has known issues. Please see the games list on github or the code for details.
Warning! The implementation of 'quoridor' has known issues. Please see the games list on github or the code for details.
Warning! The implementation of 'quoridor' has known issues. Please see the games list on github or the code for details.
Warning! The implementation of 'quoridor' has known issues. Please see the games list on github or the code for details.
Warning! The implementation of 'quoridor' has known issues. Please see the games list on github or the code for details.
Warning! The implementation of 'quoridor' has known issues. Please see the games list on github or the code for details.
Warning! The implementation of 'quoridor' has known issues. Please see the games list on github or the code for details.
Warning! The implementation of 'quoridor' has known issues. Please see the games list on github or the code for details.
Warning! The implementation of 'quoridor' has known issues. Please see the games list on github or the code for details.
Warning! The implementation of 'quoridor' has known issues. Please see the games list on github or the code for details.
Warning! The implementation of 'quoridor' has known issues. Please see the games list on github or the code for details.
Warning! The implementation of 'quoridor' has known issues. Please see the games list on github or the code for details.
Warning! The implementation of 'quoridor' has known issues. Please see the games list on github or the code for details.
Warning! The implementation of 'quoridor' has known issues. Please see the games list on github or the code for details.
Warning! The implementation of 'quoridor' has known issues. Please see the games list on github or the code for details.
Warning! The implementation of 'quoridor' has known issues. Please see the games list on github or the code for details.
Warning! The implementation of 'quoridor' has known issues. Please see the games list on github or the code for details.
Warning! The implementation of 'quoridor' has known issues. Please see the games list on github or the code for details.
Warning! The implementation of 'quoridor' has known issues. Please see the games list on github or the code for details.
Warning! The implementation of 'quoridor' has known issues. Please see the games list on github or the code for details.
Warning! The implementation of 'quoridor' has known issues. Please see the games list on github or the code for details.
Warning! The implementation of 'quoridor' has known issues. Please see the games list on github or the code for details.
Warning! The implementation of 'quoridor' has known issues. Please see the games list on github or the code for details.
Warning! The implementation of 'quoridor' has known issues. Please see the games list on github or the code for details.
Warning! The implementation of 'quoridor' has known issues. Please see the games list on github or the code for details.
Warning! The implementation of 'quoridor' has known issues. Please see the games list on github or the code for details.
Warning! The implementation of 'quoridor' has known issues. Please see the games list on github or the code for details.
Warning! The implementation of 'quoridor' has known issues. Please see the games list on github or the code for details.
Warning! The implementation of 'quoridor' has known issues. Please see the games list on github or the code for details.
Warning! The implementation of 'quoridor' has known issues. Please see the games list on github or the code for details.
Warning! The implementation of 'quoridor' has known issues. Please see the games list on github or the code for details.
Warning! The implementation of 'quoridor' has known issues. Please see the games list on github or the code for details.
Warning! The implementation of 'quoridor' has known issues. Please see the games list on github or the code for details.
Warning! The implementation of 'quoridor' has known issues. Please see the games list on github or the code for details.
Warning! The implementation of 'quoridor' has known issues. Please see the games list on github or the code for details.
Warning! The implementation of 'quoridor' has known issues. Please see the games list on github or the code for details.
Warning! The implementation of 'quoridor' has known issues. Please see the games list on github or the code for details.
Warning! The implementation of 'quoridor' has known issues. Please see the games list on github or the code for details.
Warning! The implementation of 'quoridor' has known issues. Please see the games list on github or the code for details.
Warning! The implementation of 'quoridor' has known issues. Please see the games list on github or the code for details.
Warning! The implementation of 'quoridor' has known issues. Please see the games list on github or the code for details.
Warning! The implementation of 'quoridor' has known issues. Please see the games list on github or the code for details.
Calling add_step_closure function does not have any effect. It's lazy mode only functionality. (warning logged once)
Calling mark_step function does not have any effect. It's lazy mode only functionality. (warning logged once)
Calling iter_mark_step function does not have any effect. It's lazy mode only functionality. (warning logged once)
/usr/local/lib/python3.12/dist-packages/habana_frameworks/torch/core/__init__.py:106: UserWarning: pkg_resources is deprecated as an API. See https://setuptools.pypa.io/en/latest/pkg_resources.html. The pkg_resources package is slated for removal as early as 2025-11-30. Refrain from using this package or pin to Setuptools<81.
  ret = original_fn(*args, **kwargs)
/usr/local/lib/python3.12/dist-packages/habana_frameworks/torch/gpu_migration/__init__.py:46: UserWarning: apex not installed, gpu_migration will not swap api for this package.
  warnings.warn(
/usr/local/lib/python3.12/dist-packages/torch/distributed/distributed_c10d.py:4631: UserWarning: No device id is provided via `init_process_group` or `barrier `. Using the current device set by the user. 
  warnings.warn(  # warn only once
Loading weights:   0%|          | 0/398 [00:00<?, ?it/s]Loading weights: 100%|██████████| 398/398 [00:00<00:00, 10619.03it/s]
Warning! The implementation of 'quoridor' has known issues. Please see the games list on github or the code for details.
{"checkpoint_adapter_sha256": "a955c6008543ec3d363cab0220bb0862a65eef0155c9af773a0f748bbf0fa4ed", "checkpoint_manifest_sha256": "3e33b83c515a7125c188cd78eb5e8851b07e28970bc5d13f2553c2c346852f27", "module_id": "5", "rank": 1, "runtime_contract": {"backend": "nccl", "device_binding": "initialize_distributed_hpu -> HLS_MODULE_ID", "device_membership": [1.0, 1.0, 1.0, 1.0], "devices": ["hpu:0", "hpu:1", "hpu:2", "hpu:3"], "expected_reduction_sum": 10.0, "module_ids": ["4", "5", "6", "7"], "rank_membership": [1.0, 1.0, 1.0, 1.0], "reduction_values": [10.0, 10.0], "status": "ok", "tensor_device": "hpu", "world_size": 4}, "source_manifest_sha256": "3996447d88133f11ab26de4b9da3e64e305519123d4b3195fc1e860500a481f5", "source_policy_version": "policy-000000", "status": "updated_checkpoint_committed_refresh_pending", "update": {"changed_parameter_tensors": 504, "clip_fraction": 0.006172839519238532, "consumed_manifest_sha256": "3996447d88133f11ab26de4b9da3e64e305519123d4b3195fc1e860500a481f5", "grad_norm": 0.5213045030832291, "gradient_sync_phases": 4, "initial_parameter_sha256": "50e8c1141cad72dd94d6a5803ae4e6075438774981e36eaed1f4f374e2f31259", "kl_loss": 0.0, "loss": -0.022045639343559742, "max_abs_log_prob_error": 0.0, "mean_ratio": 0.9995437337359462, "minibatches": [{"clip_fraction": 0.0, "games": 4, "grad_norm": 0.7050485610961914, "index": 0, "loss": -0.003971214406192303, "max_abs_log_ratio": 0.0, "mean_ratio": 1.0, "owned_tokens": 442}, {"clip_fraction": 0.011111111380159855, "games": 4, "grad_norm": 0.5297905206680298, "index": 1, "loss": -0.0281032994389534, "max_abs_log_ratio": 0.3240089416503906, "mean_ratio": 0.9986582398414612, "owned_tokens": 450}, {"clip_fraction": 0.008849557489156723, "games": 4, "grad_norm": 0.3479662537574768, "index": 2, "loss": -0.04134760797023773, "max_abs_log_ratio": 0.6458320617675781, "mean_ratio": 1.0023587942123413, "owned_tokens": 452}, {"clip_fraction": 0.004566209856420755, "games": 4, "grad_norm": 0.5024126768112183, "index": 3, "loss": -0.014760435558855534, "max_abs_log_ratio": 1.6240577697753906, "mean_ratio": 0.9970880150794983, "owned_tokens": 438}], "next_policy_version": "policy-000001", "optimizer_sha256": "f91a4d000de11fb91e0f971c50085eeb8f0967a32d559837c4310d08652294cf", "optimizer_steps": 1, "owned_tokens": 1782, "parameter_sha256": "ff3cb1e3dc35e70c2c490fa5ac90852f1902ad92393c35a445981aa65fee61ec", "policy_loss": -0.022045639343559742, "rank": 1, "seat_result_means": [0.203125, 0.046875, 0.4375, 0.3125], "source_policy_version": "policy-000000", "turns": 441}}
