Calling add_step_closure function does not have any effect. It's lazy mode only functionality. (warning logged once)
Calling mark_step function does not have any effect. It's lazy mode only functionality. (warning logged once)
Calling iter_mark_step function does not have any effect. It's lazy mode only functionality. (warning logged once)
/usr/local/lib/python3.12/dist-packages/habana_frameworks/torch/core/__init__.py:106: UserWarning: pkg_resources is deprecated as an API. See https://setuptools.pypa.io/en/latest/pkg_resources.html. The pkg_resources package is slated for removal as early as 2025-11-30. Refrain from using this package or pin to Setuptools<81.
  ret = original_fn(*args, **kwargs)
/usr/local/lib/python3.12/dist-packages/habana_frameworks/torch/gpu_migration/__init__.py:46: UserWarning: apex not installed, gpu_migration will not swap api for this package.
  warnings.warn(
Loading weights:   0%|          | 0/398 [00:00<?, ?it/s]Loading weights: 100%|██████████| 398/398 [00:00<00:00, 9955.59it/s]
============================= HPU PT BRIDGE CONFIGURATION ON RANK = 0 ============= 
 PT_HPU_LAZY_MODE = 0
 PT_HPU_RECIPE_CACHE_CONFIG = /scratch/svijay46/verl-cache/habana_recipe,false,20480
 PT_HPU_MAX_COMPOUND_OP_SIZE = 9223372036854775807
 PT_HPU_LAZY_ACC_PAR_MODE = 1
 PT_HPU_ENABLE_REFINE_DYNAMIC_SHAPES = 0
 PT_HPU_EAGER_PIPELINE_ENABLE = 1
 PT_HPU_EAGER_COLLECTIVE_PIPELINE_ENABLE = 1
 PT_HPU_ENABLE_LAZY_COLLECTIVES = 1
---------------------------: System Configuration :---------------------------
Num CPU Cores : 152
CPU RAM       : 502 GB
------------------------------------------------------------------------------
Warning! The implementation of 'quoridor' has known issues. Please see the games list on github or the code for details.
{"adapter_sha256": "f1bdb6711dcdbf3f184c0db9bb07d94de1f54a476b461de8515af6c7df90afdd", "checkpoint_manifest_sha256": "a3029b26482d8f71dff5d2c9b54a4d45d057af19fc9bb82b94765b2d6f3e0f05", "module_id": 0, "parameter_sha256": "c592f2fa0cb2bdb04de8f0a59c7eef27b3927aeaad4974a4e8ee2595498209de", "policy_version": "policy-000002", "probe_max_abs_error": 0.0, "rank": 0, "source_manifest_sha256": "507b2f4dfaa9dd97ae101bc1e61232d9b2a03fd6ed62add8a0b52228ae99fc3b", "status": "refresh_verified"}
