Warning! The implementation of 'quoridor' has known issues. Please see the games list on github or the code for details.
Warning! The implementation of 'quoridor' has known issues. Please see the games list on github or the code for details.
Warning! The implementation of 'quoridor' has known issues. Please see the games list on github or the code for details.
Warning! The implementation of 'quoridor' has known issues. Please see the games list on github or the code for details.
Warning! The implementation of 'quoridor' has known issues. Please see the games list on github or the code for details.
Warning! The implementation of 'quoridor' has known issues. Please see the games list on github or the code for details.
Warning! The implementation of 'quoridor' has known issues. Please see the games list on github or the code for details.
Warning! The implementation of 'quoridor' has known issues. Please see the games list on github or the code for details.
Warning! The implementation of 'quoridor' has known issues. Please see the games list on github or the code for details.
Warning! The implementation of 'quoridor' has known issues. Please see the games list on github or the code for details.
Warning! The implementation of 'quoridor' has known issues. Please see the games list on github or the code for details.
Warning! The implementation of 'quoridor' has known issues. Please see the games list on github or the code for details.
Warning! The implementation of 'quoridor' has known issues. Please see the games list on github or the code for details.
Warning! The implementation of 'quoridor' has known issues. Please see the games list on github or the code for details.
Warning! The implementation of 'quoridor' has known issues. Please see the games list on github or the code for details.
Warning! The implementation of 'quoridor' has known issues. Please see the games list on github or the code for details.
Warning! The implementation of 'quoridor' has known issues. Please see the games list on github or the code for details.
Warning! The implementation of 'quoridor' has known issues. Please see the games list on github or the code for details.
Warning! The implementation of 'quoridor' has known issues. Please see the games list on github or the code for details.
Warning! The implementation of 'quoridor' has known issues. Please see the games list on github or the code for details.
Warning! The implementation of 'quoridor' has known issues. Please see the games list on github or the code for details.
Warning! The implementation of 'quoridor' has known issues. Please see the games list on github or the code for details.
Warning! The implementation of 'quoridor' has known issues. Please see the games list on github or the code for details.
Warning! The implementation of 'quoridor' has known issues. Please see the games list on github or the code for details.
Warning! The implementation of 'quoridor' has known issues. Please see the games list on github or the code for details.
Warning! The implementation of 'quoridor' has known issues. Please see the games list on github or the code for details.
Warning! The implementation of 'quoridor' has known issues. Please see the games list on github or the code for details.
Warning! The implementation of 'quoridor' has known issues. Please see the games list on github or the code for details.
Warning! The implementation of 'quoridor' has known issues. Please see the games list on github or the code for details.
Warning! The implementation of 'quoridor' has known issues. Please see the games list on github or the code for details.
Warning! The implementation of 'quoridor' has known issues. Please see the games list on github or the code for details.
Warning! The implementation of 'quoridor' has known issues. Please see the games list on github or the code for details.
Warning! The implementation of 'quoridor' has known issues. Please see the games list on github or the code for details.
Warning! The implementation of 'quoridor' has known issues. Please see the games list on github or the code for details.
Warning! The implementation of 'quoridor' has known issues. Please see the games list on github or the code for details.
Warning! The implementation of 'quoridor' has known issues. Please see the games list on github or the code for details.
Warning! The implementation of 'quoridor' has known issues. Please see the games list on github or the code for details.
Warning! The implementation of 'quoridor' has known issues. Please see the games list on github or the code for details.
Warning! The implementation of 'quoridor' has known issues. Please see the games list on github or the code for details.
Warning! The implementation of 'quoridor' has known issues. Please see the games list on github or the code for details.
Warning! The implementation of 'quoridor' has known issues. Please see the games list on github or the code for details.
Warning! The implementation of 'quoridor' has known issues. Please see the games list on github or the code for details.
Warning! The implementation of 'quoridor' has known issues. Please see the games list on github or the code for details.
Warning! The implementation of 'quoridor' has known issues. Please see the games list on github or the code for details.
Warning! The implementation of 'quoridor' has known issues. Please see the games list on github or the code for details.
Warning! The implementation of 'quoridor' has known issues. Please see the games list on github or the code for details.
Warning! The implementation of 'quoridor' has known issues. Please see the games list on github or the code for details.
Warning! The implementation of 'quoridor' has known issues. Please see the games list on github or the code for details.
Warning! The implementation of 'quoridor' has known issues. Please see the games list on github or the code for details.
Warning! The implementation of 'quoridor' has known issues. Please see the games list on github or the code for details.
Warning! The implementation of 'quoridor' has known issues. Please see the games list on github or the code for details.
Warning! The implementation of 'quoridor' has known issues. Please see the games list on github or the code for details.
Warning! The implementation of 'quoridor' has known issues. Please see the games list on github or the code for details.
Warning! The implementation of 'quoridor' has known issues. Please see the games list on github or the code for details.
Warning! The implementation of 'quoridor' has known issues. Please see the games list on github or the code for details.
Warning! The implementation of 'quoridor' has known issues. Please see the games list on github or the code for details.
Warning! The implementation of 'quoridor' has known issues. Please see the games list on github or the code for details.
Warning! The implementation of 'quoridor' has known issues. Please see the games list on github or the code for details.
Warning! The implementation of 'quoridor' has known issues. Please see the games list on github or the code for details.
Warning! The implementation of 'quoridor' has known issues. Please see the games list on github or the code for details.
Warning! The implementation of 'quoridor' has known issues. Please see the games list on github or the code for details.
Warning! The implementation of 'quoridor' has known issues. Please see the games list on github or the code for details.
Warning! The implementation of 'quoridor' has known issues. Please see the games list on github or the code for details.
Warning! The implementation of 'quoridor' has known issues. Please see the games list on github or the code for details.
Warning! The implementation of 'quoridor' has known issues. Please see the games list on github or the code for details.
Warning! The implementation of 'quoridor' has known issues. Please see the games list on github or the code for details.
Warning! The implementation of 'quoridor' has known issues. Please see the games list on github or the code for details.
Warning! The implementation of 'quoridor' has known issues. Please see the games list on github or the code for details.
Warning! The implementation of 'quoridor' has known issues. Please see the games list on github or the code for details.
Warning! The implementation of 'quoridor' has known issues. Please see the games list on github or the code for details.
Warning! The implementation of 'quoridor' has known issues. Please see the games list on github or the code for details.
Warning! The implementation of 'quoridor' has known issues. Please see the games list on github or the code for details.
Warning! The implementation of 'quoridor' has known issues. Please see the games list on github or the code for details.
Warning! The implementation of 'quoridor' has known issues. Please see the games list on github or the code for details.
Warning! The implementation of 'quoridor' has known issues. Please see the games list on github or the code for details.
Warning! The implementation of 'quoridor' has known issues. Please see the games list on github or the code for details.
Warning! The implementation of 'quoridor' has known issues. Please see the games list on github or the code for details.
Warning! The implementation of 'quoridor' has known issues. Please see the games list on github or the code for details.
Warning! The implementation of 'quoridor' has known issues. Please see the games list on github or the code for details.
Warning! The implementation of 'quoridor' has known issues. Please see the games list on github or the code for details.
Calling add_step_closure function does not have any effect. It's lazy mode only functionality. (warning logged once)
Calling mark_step function does not have any effect. It's lazy mode only functionality. (warning logged once)
Calling iter_mark_step function does not have any effect. It's lazy mode only functionality. (warning logged once)
/usr/local/lib/python3.12/dist-packages/habana_frameworks/torch/core/__init__.py:106: UserWarning: pkg_resources is deprecated as an API. See https://setuptools.pypa.io/en/latest/pkg_resources.html. The pkg_resources package is slated for removal as early as 2025-11-30. Refrain from using this package or pin to Setuptools<81.
  ret = original_fn(*args, **kwargs)
/usr/local/lib/python3.12/dist-packages/habana_frameworks/torch/gpu_migration/__init__.py:46: UserWarning: apex not installed, gpu_migration will not swap api for this package.
  warnings.warn(
============================= HPU PT BRIDGE CONFIGURATION ON RANK = 0 ============= 
 PT_HPU_LAZY_MODE = 0
 PT_HPU_RECIPE_CACHE_CONFIG = /scratch/svijay46/verl-cache/habana_recipe,false,20480
 PT_HPU_MAX_COMPOUND_OP_SIZE = 9223372036854775807
 PT_HPU_LAZY_ACC_PAR_MODE = 1
 PT_HPU_ENABLE_REFINE_DYNAMIC_SHAPES = 0
 PT_HPU_EAGER_PIPELINE_ENABLE = 1
 PT_HPU_EAGER_COLLECTIVE_PIPELINE_ENABLE = 1
 PT_HPU_ENABLE_LAZY_COLLECTIVES = 1
---------------------------: System Configuration :---------------------------
Num CPU Cores : 152
CPU RAM       : 502 GB
------------------------------------------------------------------------------
/usr/local/lib/python3.12/dist-packages/torch/distributed/distributed_c10d.py:4631: UserWarning: No device id is provided via `init_process_group` or `barrier `. Using the current device set by the user. 
  warnings.warn(  # warn only once
Loading weights:   0%|          | 0/398 [00:00<?, ?it/s]Loading weights: 100%|██████████| 398/398 [00:00<00:00, 11404.34it/s]
[rank0]: Traceback (most recent call last):
[rank0]:   File "<frozen runpy>", line 198, in _run_module_as_main
[rank0]:   File "<frozen runpy>", line 88, in _run_code
[rank0]:   File "/scratch/svijay46/verl-gaudi-support/self_play_grpo/src/self_play_grpo/training/multi_trainer.py", line 226, in <module>
[rank0]:     raise SystemExit(main())
[rank0]:                      ^^^^^^
[rank0]:   File "/scratch/svijay46/verl-gaudi-support/self_play_grpo/src/self_play_grpo/training/multi_trainer.py", line 221, in main
[rank0]:     print(json.dumps(run_resumed_trainer_rank(parser.parse_args(argv)), sort_keys=True), flush=True)
[rank0]:                      ^^^^^^^^^^^^^^^^^^^^^^^^^^^^^^^^^^^^^^^^^^^^^^^^^
[rank0]:   File "/scratch/svijay46/verl-gaudi-support/self_play_grpo/src/self_play_grpo/training/multi_trainer.py", line 123, in run_resumed_trainer_rank
[rank0]:     result = synchronized_trainer_update(
[rank0]:              ^^^^^^^^^^^^^^^^^^^^^^^^^^^^
[rank0]:   File "/scratch/svijay46/verl-gaudi-support/self_play_grpo/src/self_play_grpo/training/trainer_update.py", line 210, in synchronized_trainer_update
[rank0]:     raise RuntimeError("D5 synchronized gradient norm must be finite and positive")
[rank0]: RuntimeError: D5 synchronized gradient norm must be finite and positive
