Warning! The implementation of 'quoridor' has known issues. Please see the games list on github or the code for details.
Calling add_step_closure function does not have any effect. It's lazy mode only functionality. (warning logged once)
Calling mark_step function does not have any effect. It's lazy mode only functionality. (warning logged once)
Calling iter_mark_step function does not have any effect. It's lazy mode only functionality. (warning logged once)
/usr/local/lib/python3.12/dist-packages/habana_frameworks/torch/core/__init__.py:106: UserWarning: pkg_resources is deprecated as an API. See https://setuptools.pypa.io/en/latest/pkg_resources.html. The pkg_resources package is slated for removal as early as 2025-11-30. Refrain from using this package or pin to Setuptools<81.
  ret = original_fn(*args, **kwargs)
/usr/local/lib/python3.12/dist-packages/habana_frameworks/torch/gpu_migration/__init__.py:46: UserWarning: apex not installed, gpu_migration will not swap api for this package.
  warnings.warn(
Loading weights:   0%|          | 0/398 [00:00<?, ?it/s]Loading weights: 100%|██████████| 398/398 [00:00<00:00, 12673.54it/s]
============================= HPU PT BRIDGE CONFIGURATION ON RANK = 0 ============= 
 PT_HPU_LAZY_MODE = 0
 PT_HPU_RECIPE_CACHE_CONFIG = /scratch/svijay46/verl-cache/habana_recipe,false,20480
 PT_HPU_MAX_COMPOUND_OP_SIZE = 9223372036854775807
 PT_HPU_LAZY_ACC_PAR_MODE = 1
 PT_HPU_ENABLE_REFINE_DYNAMIC_SHAPES = 0
 PT_HPU_EAGER_PIPELINE_ENABLE = 1
 PT_HPU_EAGER_COLLECTIVE_PIPELINE_ENABLE = 1
 PT_HPU_ENABLE_LAZY_COLLECTIVES = 1
---------------------------: System Configuration :---------------------------
Num CPU Cores : 152
CPU RAM       : 502 GB
------------------------------------------------------------------------------
Warning! The implementation of 'quoridor' has known issues. Please see the games list on github or the code for details.
{"adapter_sha256": "5a6cdd70e01c84f499a97011aaa3918e696af36425cd82bfa0f4d60153b5bfdd", "checkpoint_manifest_sha256": "53ca9b7ca0afecdfe1c3748bd0dfa33e3cbd8a222697a462142b6723d2e7a115", "module_id": 2, "parameter_sha256": "1e4708b10f36fda6e70c37cf8dc112c636528829a853e135f267efadd2ce3089", "policy_version": "policy-000001", "probe_max_abs_error": 0.0, "rank": 2, "source_manifest_sha256": "ecd20330220924ae34e87c6ebd0325bdc02f759ed0405274a055b4fe7b84c06b", "status": "refresh_verified"}
